// Jest Snapshot v1, https://goo.gl/fbAQLP

exports[`It should render correctly 1`] = `
<nav>
  <h2
    className="title"
  >
    Math magicians
  </h2>
  <ul>
    <li
      style={
        Object {
          "color": "black",
        }
      }
    >
      <a
        href="/home"
        onClick={[Function]}
        style={
          Object {
            "textDecoration": "none",
          }
        }
      >
        Home |
      </a>
    </li>
    <li
      style={
        Object {
          "color": "black",
        }
      }
    >
      <a
        href="/calculate"
        onClick={[Function]}
        style={
          Object {
            "textDecoration": "none",
          }
        }
      >
        Calculator |
      </a>
    </li>
    <li
      style={
        Object {
          "color": "black",
        }
      }
    >
      <a
        href="/quote"
        onClick={[Function]}
        style={
          Object {
            "textDecoration": "none",
          }
        }
      >
        Quote
      </a>
    </li>
  </ul>
</nav>
`;
